INFO:     Will watch for changes in these directories: ['/Users/v0c003n/victor-website']
INFO:     Uvicorn running on http://127.0.0.1:8420 (Press CTRL+C to quit)
INFO:     Started reloader process [71706] using StatReload
INFO:     Started server process [71737]
INFO:     Waiting for application startup.
INFO:     Application startup complete.
INFO:     127.0.0.1:56749 - "GET / HTTP/1.1" 500 Internal Server Error
ERROR:    Exception in ASGI application
Traceback (most recent call last):
  File "/Users/v0c003n/victor-website/.venv/lib/python3.13/site-packages/uvicorn/protocols/http/h11_impl.py", line 416, in run_asgi
    result = await app(  # type: ignore[func-returns-value]
             ^^^^^^^^^^^^^^^^^^^^^^^^^^^^^^^^^^^^^^^^^^^^^^
        self.scope, self.receive, self.send
        ^^^^^^^^^^^^^^^^^^^^^^^^^^^^^^^^^^^
    )
    ^
  File "/Users/v0c003n/victor-website/.venv/lib/python3.13/site-packages/uvicorn/middleware/proxy_headers.py", line 63, in __call__
    return await self.app(scope, receive, send)
           ^^^^^^^^^^^^^^^^^^^^^^^^^^^^^^^^^^^^
  File "/Users/v0c003n/victor-website/.venv/lib/python3.13/site-packages/fastapi/applications.py", line 1163, in __call__
    await super().__call__(scope, receive, send)
  File "/Users/v0c003n/victor-website/.venv/lib/python3.13/site-packages/starlette/applications.py", line 96, in __call__
    await self.middleware_stack(scope, receive, send)
  File "/Users/v0c003n/victor-website/.venv/lib/python3.13/site-packages/starlette/middleware/errors.py", line 186, in __call__
    raise exc
  File "/Users/v0c003n/victor-website/.venv/lib/python3.13/site-packages/starlette/middleware/errors.py", line 164, in __call__
    await self.app(scope, receive, _send)
  File "/Users/v0c003n/victor-website/.venv/lib/python3.13/site-packages/starlette/middleware/exceptions.py", line 63, in __call__
    await wrap_app_handling_exceptions(self.app, conn)(scope, receive, send)
  File "/Users/v0c003n/victor-website/.venv/lib/python3.13/site-packages/starlette/_exception_handler.py", line 53, in wrapped_app
    raise exc
  File "/Users/v0c003n/victor-website/.venv/lib/python3.13/site-packages/starlette/_exception_handler.py", line 42, in wrapped_app
    await app(scope, receive, sender)
  File "/Users/v0c003n/victor-website/.venv/lib/python3.13/site-packages/fastapi/middleware/asyncexitstack.py", line 18, in __call__
    await self.app(scope, receive, send)
  File "/Users/v0c003n/victor-website/.venv/lib/python3.13/site-packages/starlette/routing.py", line 670, in __call__
    await self.middleware_stack(scope, receive, send)
  File "/Users/v0c003n/victor-website/.venv/lib/python3.13/site-packages/fastapi/routing.py", line 2734, in app
    await route.handle(scope, receive, send)
  File "/Users/v0c003n/victor-website/.venv/lib/python3.13/site-packages/fastapi/routing.py", line 1281, in handle
    await super().handle(scope, receive, send)
  File "/Users/v0c003n/victor-website/.venv/lib/python3.13/site-packages/starlette/routing.py", line 280, in handle
    await self.app(scope, receive, send)
  File "/Users/v0c003n/victor-website/.venv/lib/python3.13/site-packages/fastapi/routing.py", line 158, in app
    await wrap_app_handling_exceptions(app, request)(scope, receive, send)
  File "/Users/v0c003n/victor-website/.venv/lib/python3.13/site-packages/starlette/_exception_handler.py", line 53, in wrapped_app
    raise exc
  File "/Users/v0c003n/victor-website/.venv/lib/python3.13/site-packages/starlette/_exception_handler.py", line 42, in wrapped_app
    await app(scope, receive, sender)
  File "/Users/v0c003n/victor-website/.venv/lib/python3.13/site-packages/fastapi/routing.py", line 144, in app
    response = await f(request)
               ^^^^^^^^^^^^^^^^
  File "/Users/v0c003n/victor-website/.venv/lib/python3.13/site-packages/fastapi/routing.py", line 706, in app
    raw_response = await run_endpoint_function(
                   ^^^^^^^^^^^^^^^^^^^^^^^^^^^^
    ...<3 lines>...
    )
    ^
  File "/Users/v0c003n/victor-website/.venv/lib/python3.13/site-packages/fastapi/routing.py", line 354, in run_endpoint_function
    return await run_in_threadpool(dependant.call, **values)
           ^^^^^^^^^^^^^^^^^^^^^^^^^^^^^^^^^^^^^^^^^^^^^^^^^
  File "/Users/v0c003n/victor-website/.venv/lib/python3.13/site-packages/starlette/concurrency.py", line 34, in run_in_threadpool
    return await anyio.to_thread.run_sync(func)
           ^^^^^^^^^^^^^^^^^^^^^^^^^^^^^^^^^^^^
  File "/Users/v0c003n/victor-website/.venv/lib/python3.13/site-packages/anyio/to_thread.py", line 65, in run_sync
    return await get_async_backend().run_sync_in_worker_thread(
           ^^^^^^^^^^^^^^^^^^^^^^^^^^^^^^^^^^^^^^^^^^^^^^^^^^^^
        func, args, abandon_on_cancel=abandon_on_cancel, limiter=limiter
        ^^^^^^^^^^^^^^^^^^^^^^^^^^^^^^^^^^^^^^^^^^^^^^^^^^^^^^^^^^^^^^^^
    )
    ^
  File "/Users/v0c003n/victor-website/.venv/lib/python3.13/site-packages/anyio/_backends/_asyncio.py", line 2641, in run_sync_in_worker_thread
    return await future
           ^^^^^^^^^^^^
  File "/Users/v0c003n/victor-website/.venv/lib/python3.13/site-packages/anyio/_backends/_asyncio.py", line 1033, in run
    result = context.run(func, *args)
  File "/Users/v0c003n/victor-website/main.py", line 25, in home
    return templates.TemplateResponse(
           ~~~~~~~~~~~~~~~~~~~~~~~~~~^
        "index.html",
        ^^^^^^^^^^^^^
    ...<12 lines>...
        },
        ^^
    )
    ^
  File "/Users/v0c003n/victor-website/.venv/lib/python3.13/site-packages/starlette/templating.py", line 148, in TemplateResponse
    template = self.get_template(name)
  File "/Users/v0c003n/victor-website/.venv/lib/python3.13/site-packages/starlette/templating.py", line 115, in get_template
    return self.env.get_template(name)
           ~~~~~~~~~~~~~~~~~~~~~^^^^^^
  File "/Users/v0c003n/victor-website/.venv/lib/python3.13/site-packages/jinja2/environment.py", line 1016, in get_template
    return self._load_template(name, globals)
           ~~~~~~~~~~~~~~~~~~~^^^^^^^^^^^^^^^
  File "/Users/v0c003n/victor-website/.venv/lib/python3.13/site-packages/jinja2/environment.py", line 964, in _load_template
    template = self.cache.get(cache_key)
  File "/Users/v0c003n/victor-website/.venv/lib/python3.13/site-packages/jinja2/utils.py", line 477, in get
    return self[key]
           ~~~~^^^^^
  File "/Users/v0c003n/victor-website/.venv/lib/python3.13/site-packages/jinja2/utils.py", line 515, in __getitem__
    rv = self._mapping[key]
         ~~~~~~~~~~~~~^^^^^
TypeError: unhashable type: 'dict'
